05:52:32 | ============================================================
05:52:32 | v1.2: Per-Hour Prediction (No Leakage) DEVICE=cuda
05:52:32 | ============================================================
05:52:32 | Window=24, Loading full dataset...
05:54:41 | Loaded in 128.6s
05:54:41 | 
05:54:41 | [LSTM] (58945 params)
05:55:54 |   Epoch  1 | loss=0.4082 | val_auroc=0.7818 | 72.8s
05:57:08 |   Epoch  2 | loss=0.3467 | val_auroc=0.7080 | 73.9s
05:58:22 |   Epoch  3 | loss=0.2967 | val_auroc=0.6977 | 74.2s
05:59:36 |   Epoch  4 | loss=0.2575 | val_auroc=0.6653 | 74.6s
06:00:50 |   Epoch  5 | loss=0.2311 | val_auroc=0.6539 | 73.2s
06:02:03 |   Epoch  6 | loss=0.2084 | val_auroc=0.6267 | 73.2s
06:03:15 |   Epoch  7 | loss=0.1920 | val_auroc=0.6322 | 72.0s
06:04:27 |   Epoch  8 | loss=0.1781 | val_auroc=0.6028 | 71.8s
06:04:27 |   Early stop at epoch 8
06:04:33 |   >> Test AUROC=0.7758, AUPRC=0.0696
06:04:33 | 
06:04:33 | [GRU] (44225 params)
06:05:45 |   Epoch  1 | loss=0.4087 | val_auroc=0.7905 | 72.0s
06:06:57 |   Epoch  2 | loss=0.3462 | val_auroc=0.7821 | 71.7s
06:08:10 |   Epoch  3 | loss=0.2869 | val_auroc=0.7137 | 72.8s
06:09:22 |   Epoch  4 | loss=0.2453 | val_auroc=0.7030 | 72.7s
06:10:34 |   Epoch  5 | loss=0.2175 | val_auroc=0.6529 | 72.2s
06:11:46 |   Epoch  6 | loss=0.1995 | val_auroc=0.6512 | 71.4s
06:12:58 |   Epoch  7 | loss=0.1859 | val_auroc=0.6171 | 72.5s
06:14:10 |   Epoch  8 | loss=0.1763 | val_auroc=0.6000 | 71.9s
06:14:10 |   Early stop at epoch 8
06:14:17 |   >> Test AUROC=0.7889, AUPRC=0.0745
06:14:17 | 
06:14:17 | [Transformer] (70785 params)
06:15:46 |   Epoch  1 | loss=0.4179 | val_auroc=0.8004 | 89.3s
06:17:15 |   Epoch  2 | loss=0.3871 | val_auroc=0.7989 | 89.3s
06:18:44 |   Epoch  3 | loss=0.3675 | val_auroc=0.7889 | 88.8s
06:20:12 |   Epoch  4 | loss=0.3476 | val_auroc=0.7695 | 88.1s
06:21:41 |   Epoch  5 | loss=0.3296 | val_auroc=0.7633 | 88.2s
06:23:09 |   Epoch  6 | loss=0.3119 | val_auroc=0.7488 | 88.7s
06:24:37 |   Epoch  7 | loss=0.2985 | val_auroc=0.7541 | 88.0s
06:26:06 |   Epoch  8 | loss=0.2857 | val_auroc=0.7311 | 88.7s
06:26:06 |   Early stop at epoch 8
06:26:13 |   >> Test AUROC=0.7906, AUPRC=0.0837
06:26:13 | 
06:26:13 | [TCN] (43713 params)
06:27:26 |   Epoch  1 | loss=0.4283 | val_auroc=0.7712 | 73.2s
06:28:39 |   Epoch  2 | loss=0.4031 | val_auroc=0.7733 | 73.1s
06:29:51 |   Epoch  3 | loss=0.3877 | val_auroc=0.7523 | 72.3s
06:31:04 |   Epoch  4 | loss=0.3708 | val_auroc=0.7389 | 72.8s
06:32:18 |   Epoch  5 | loss=0.3576 | val_auroc=0.7307 | 73.5s
06:33:31 |   Epoch  6 | loss=0.3454 | val_auroc=0.7232 | 73.3s
06:34:44 |   Epoch  7 | loss=0.3350 | val_auroc=0.7096 | 73.2s
06:35:57 |   Epoch  8 | loss=0.3249 | val_auroc=0.7251 | 72.8s
06:37:09 |   Epoch  9 | loss=0.3165 | val_auroc=0.6978 | 72.3s
06:37:09 |   Early stop at epoch 9
06:37:16 |   >> Test AUROC=0.7686, AUPRC=0.0634
06:37:16 | 
06:37:16 | [Original_DARUAN] (6823 params)
06:39:58 |   Epoch  1 | loss=0.4590 | val_auroc=0.7580 | 162.7s
06:42:40 |   Epoch  2 | loss=0.4289 | val_auroc=0.7799 | 161.9s
06:45:22 |   Epoch  3 | loss=0.4191 | val_auroc=0.7834 | 161.9s
06:48:03 |   Epoch  4 | loss=0.4112 | val_auroc=0.7838 | 161.1s
06:50:46 |   Epoch  5 | loss=0.4053 | val_auroc=0.7820 | 162.7s
06:53:30 |   Epoch  6 | loss=0.4000 | val_auroc=0.7780 | 163.7s
06:56:12 |   Epoch  7 | loss=0.3942 | val_auroc=0.7760 | 162.0s
06:58:54 |   Epoch  8 | loss=0.3897 | val_auroc=0.7799 | 162.6s
07:01:36 |   Epoch  9 | loss=0.3858 | val_auroc=0.7747 | 161.5s
07:04:20 |   Epoch 10 | loss=0.3829 | val_auroc=0.7568 | 164.2s
07:07:02 |   Epoch 11 | loss=0.3795 | val_auroc=0.7632 | 162.3s
07:07:02 |   Early stop at epoch 11
07:07:12 |   >> Test AUROC=0.7755, AUPRC=0.0646
07:07:12 | 
07:07:12 | [OPFA_QKAN_Mamba] (13300 params)
07:10:21 |   Epoch  1 | loss=0.4513 | val_auroc=0.7927 | 188.7s
07:13:28 |   Epoch  2 | loss=0.3977 | val_auroc=0.7720 | 187.5s
07:16:35 |   Epoch  3 | loss=0.3807 | val_auroc=0.7690 | 186.5s
07:19:43 |   Epoch  4 | loss=0.3669 | val_auroc=0.7557 | 188.2s
07:22:46 |   Epoch  5 | loss=0.3733 | val_auroc=0.7488 | 182.7s
07:25:54 |   Epoch  6 | loss=0.3886 | val_auroc=0.7403 | 188.1s
07:29:00 |   Epoch  7 | loss=0.3719 | val_auroc=0.7280 | 186.5s
07:32:11 |   Epoch  8 | loss=0.3698 | val_auroc=0.7162 | 190.2s
07:32:11 |   Early stop at epoch 8
07:32:23 |   >> Test AUROC=0.7725, AUPRC=0.0629
07:32:23 | 
07:32:23 | ============================================================
07:32:23 | FINAL RESULTS (v1.2 Per-Hour, No Leakage)
07:32:23 | ============================================================
07:32:23 | Model                    AUROC      AUPRC      Params
07:32:23 | ------------------------------------------------------
07:32:23 | Transformer              0.7906    0.0837    70785
07:32:23 | GRU                      0.7889    0.0745    44225
07:32:23 | LSTM                     0.7758    0.0696    58945
07:32:23 | Original_DARUAN          0.7755    0.0646    6823
07:32:23 | OPFA_QKAN_Mamba          0.7725    0.0629    13300 <-- ours
07:32:23 | TCN                      0.7686    0.0634    43713
07:32:23 | 
Saved to /home/project/experiments/results_v1.2_perhour.json
