14:04:56 | ============================================================
14:04:56 | PHASE D: CARDIAC ARREST EXPERIMENT (64K patients)
14:04:56 | ============================================================
14:04:56 | Loading dataset...
14:05:38 | Loaded in 41.8s | Train: 51671, Val: 6459, Test: 6459
14:05:38 | 
14:05:38 | ==================================================
14:05:38 | [MODEL] MLP (7265 params)
14:05:38 | ==================================================
14:05:41 |   [MLP] Epoch  1/50 | loss=0.2463 | val_auroc=0.6414 | 1.7s
14:05:42 |   [MLP] Epoch  2/50 | loss=0.1702 | val_auroc=0.6886 | 1.7s
14:05:44 |   [MLP] Epoch  3/50 | loss=0.1633 | val_auroc=0.6866 | 1.6s
14:05:46 |   [MLP] Epoch  4/50 | loss=0.1605 | val_auroc=0.7125 | 1.6s
14:05:48 |   [MLP] Epoch  5/50 | loss=0.1593 | val_auroc=0.7116 | 1.7s
14:05:49 |   [MLP] Epoch  6/50 | loss=0.1582 | val_auroc=0.7113 | 1.7s
14:05:51 |   [MLP] Epoch  7/50 | loss=0.1569 | val_auroc=0.7084 | 1.5s
14:05:53 |   [MLP] Epoch  8/50 | loss=0.1563 | val_auroc=0.7132 | 1.5s
14:05:54 |   [MLP] Epoch  9/50 | loss=0.1551 | val_auroc=0.7314 | 1.5s
14:05:56 |   [MLP] Epoch 10/50 | loss=0.1538 | val_auroc=0.7116 | 1.6s
14:05:58 |   [MLP] Epoch 11/50 | loss=0.1532 | val_auroc=0.7179 | 1.7s
14:06:00 |   [MLP] Epoch 12/50 | loss=0.1521 | val_auroc=0.7091 | 1.5s
14:06:01 |   [MLP] Epoch 13/50 | loss=0.1511 | val_auroc=0.7162 | 1.6s
14:06:03 |   [MLP] Epoch 14/50 | loss=0.1497 | val_auroc=0.7092 | 1.8s
14:06:05 |   [MLP] Epoch 15/50 | loss=0.1492 | val_auroc=0.7137 | 1.4s
14:06:06 |   [MLP] Epoch 16/50 | loss=0.1474 | val_auroc=0.6981 | 1.5s
14:06:08 |   [MLP] Epoch 17/50 | loss=0.1461 | val_auroc=0.7157 | 1.8s
14:06:10 |   [MLP] Epoch 18/50 | loss=0.1450 | val_auroc=0.7119 | 1.4s
14:06:12 |   [MLP] Epoch 19/50 | loss=0.1434 | val_auroc=0.7010 | 1.6s
14:06:12 |   [MLP] Early stopping at epoch 19 (patience=10)
14:06:12 |   [MLP] DONE >> Test AUROC: 0.7203, AUPRC: 0.1139
14:06:12 | 
14:06:12 | ==================================================
14:06:12 | [MODEL] GRU (3681 params)
14:06:12 | ==================================================
14:06:22 |   [GRU] Epoch  1/50 | loss=0.2178 | val_auroc=0.7260 | 9.8s
14:06:32 |   [GRU] Epoch  2/50 | loss=0.1624 | val_auroc=0.7219 | 10.0s
14:06:42 |   [GRU] Epoch  3/50 | loss=0.1611 | val_auroc=0.7247 | 9.8s
14:06:53 |   [GRU] Epoch  4/50 | loss=0.1605 | val_auroc=0.7285 | 10.0s
14:07:03 |   [GRU] Epoch  5/50 | loss=0.1598 | val_auroc=0.7313 | 10.4s
14:07:13 |   [GRU] Epoch  6/50 | loss=0.1592 | val_auroc=0.7346 | 9.7s
14:07:24 |   [GRU] Epoch  7/50 | loss=0.1587 | val_auroc=0.7431 | 10.1s
14:07:35 |   [GRU] Epoch  8/50 | loss=0.1578 | val_auroc=0.7414 | 10.4s
14:07:46 |   [GRU] Epoch  9/50 | loss=0.1573 | val_auroc=0.7414 | 11.0s
14:07:56 |   [GRU] Epoch 10/50 | loss=0.1567 | val_auroc=0.7467 | 9.6s
14:08:06 |   [GRU] Epoch 11/50 | loss=0.1560 | val_auroc=0.7431 | 9.6s
14:08:16 |   [GRU] Epoch 12/50 | loss=0.1558 | val_auroc=0.7443 | 9.9s
14:08:25 |   [GRU] Epoch 13/50 | loss=0.1555 | val_auroc=0.7447 | 9.0s
14:08:36 |   [GRU] Epoch 14/50 | loss=0.1552 | val_auroc=0.7448 | 9.8s
14:08:46 |   [GRU] Epoch 15/50 | loss=0.1550 | val_auroc=0.7426 | 9.7s
14:08:56 |   [GRU] Epoch 16/50 | loss=0.1547 | val_auroc=0.7485 | 9.5s
14:09:06 |   [GRU] Epoch 17/50 | loss=0.1545 | val_auroc=0.7412 | 9.7s
14:09:15 |   [GRU] Epoch 18/50 | loss=0.1542 | val_auroc=0.7413 | 8.7s
14:09:24 |   [GRU] Epoch 19/50 | loss=0.1540 | val_auroc=0.7437 | 9.4s
14:09:35 |   [GRU] Epoch 20/50 | loss=0.1540 | val_auroc=0.7424 | 10.4s
14:09:46 |   [GRU] Epoch 21/50 | loss=0.1536 | val_auroc=0.7377 | 10.4s
14:09:56 |   [GRU] Epoch 22/50 | loss=0.1531 | val_auroc=0.7431 | 10.0s
14:10:06 |   [GRU] Epoch 23/50 | loss=0.1531 | val_auroc=0.7395 | 9.5s
14:10:16 |   [GRU] Epoch 24/50 | loss=0.1529 | val_auroc=0.7388 | 9.4s
14:10:26 |   [GRU] Epoch 25/50 | loss=0.1528 | val_auroc=0.7415 | 9.8s
14:10:37 |   [GRU] Epoch 26/50 | loss=0.1524 | val_auroc=0.7423 | 10.9s
14:10:37 |   [GRU] Early stopping at epoch 26 (patience=10)
14:10:38 |   [GRU] DONE >> Test AUROC: 0.7269, AUPRC: 0.1321
14:10:38 | 
14:10:38 | ==================================================
14:10:38 | [MODEL] LSTM (4897 params)
14:10:38 | ==================================================
14:10:42 |   [LSTM] Epoch  1/50 | loss=0.2053 | val_auroc=0.6792 | 3.9s
14:10:46 |   [LSTM] Epoch  2/50 | loss=0.1662 | val_auroc=0.6940 | 4.0s
14:10:50 |   [LSTM] Epoch  3/50 | loss=0.1677 | val_auroc=0.6938 | 4.1s
14:10:54 |   [LSTM] Epoch  4/50 | loss=0.1663 | val_auroc=0.6896 | 4.0s
14:10:59 |   [LSTM] Epoch  5/50 | loss=0.1658 | val_auroc=0.6972 | 4.2s
14:11:03 |   [LSTM] Epoch  6/50 | loss=0.1643 | val_auroc=0.7145 | 3.7s
14:11:07 |   [LSTM] Epoch  7/50 | loss=0.1628 | val_auroc=0.7144 | 3.8s
14:11:11 |   [LSTM] Epoch  8/50 | loss=0.1625 | val_auroc=0.7054 | 4.0s
14:11:15 |   [LSTM] Epoch  9/50 | loss=0.1630 | val_auroc=0.7213 | 3.8s
14:11:19 |   [LSTM] Epoch 10/50 | loss=0.1619 | val_auroc=0.7261 | 4.0s
14:11:23 |   [LSTM] Epoch 11/50 | loss=0.1614 | val_auroc=0.7265 | 4.0s
14:11:27 |   [LSTM] Epoch 12/50 | loss=0.1606 | val_auroc=0.7331 | 4.1s
14:11:32 |   [LSTM] Epoch 13/50 | loss=0.1604 | val_auroc=0.7273 | 4.0s
14:11:36 |   [LSTM] Epoch 14/50 | loss=0.1598 | val_auroc=0.7410 | 3.9s
14:11:40 |   [LSTM] Epoch 15/50 | loss=0.1592 | val_auroc=0.7374 | 4.1s
14:11:44 |   [LSTM] Epoch 16/50 | loss=0.1589 | val_auroc=0.7346 | 3.7s
14:11:48 |   [LSTM] Epoch 17/50 | loss=0.1586 | val_auroc=0.7399 | 4.0s
14:11:52 |   [LSTM] Epoch 18/50 | loss=0.1580 | val_auroc=0.7375 | 4.1s
14:11:56 |   [LSTM] Epoch 19/50 | loss=0.1579 | val_auroc=0.7415 | 3.9s
14:12:00 |   [LSTM] Epoch 20/50 | loss=0.1575 | val_auroc=0.7416 | 3.8s
14:12:04 |   [LSTM] Epoch 21/50 | loss=0.1572 | val_auroc=0.7392 | 3.9s
14:12:08 |   [LSTM] Epoch 22/50 | loss=0.1567 | val_auroc=0.7441 | 3.9s
14:12:12 |   [LSTM] Epoch 23/50 | loss=0.1563 | val_auroc=0.7455 | 3.9s
14:12:16 |   [LSTM] Epoch 24/50 | loss=0.1560 | val_auroc=0.7413 | 3.8s
14:12:20 |   [LSTM] Epoch 25/50 | loss=0.1556 | val_auroc=0.7367 | 3.8s
14:12:24 |   [LSTM] Epoch 26/50 | loss=0.1555 | val_auroc=0.7477 | 3.6s
14:12:28 |   [LSTM] Epoch 214:12:30 |   [Transformer] Epoch 10/50 | loss14:12:32 |   [LSTM] Epoch 28/50 | l14:12:42 |   [Transformer] Epoch 11/50 | loss=0.1552 | val_auroc=0.7297 | 12.2s
14:12:55 |   [Transformer] Epoch 12/50 | loss=0.1550 | val_auroc=0.7292 | 12.5s
14:13:08 |   [Transformer] Epoch 13/50 | loss=0.1547 | val_auroc=0.7353 | 12.8s
14:13:21 |   [Transformer] Epoch 14/50 | loss=0.1545 | val_auroc=0.7368 | 12.6s
14:13:21 |   [Transformer] Early stopping at epoch 14 (patience=10)
14:13:21 |   [Transformer] DONE >> Test AUROC: 0.7226, AUPRC: 0.1208
14:13:21 | 
14:13:21 | ==================================================
14:13:21 | [MODEL] TCN (6657 params)
14:13:21 | ==================================================
14:13:24 |   [TCN] Epoch  1/50 | loss=0.2065 | val_auroc=0.5985 | 2.7s
14:13:27 |   [TCN] Epoch  2/50 | loss=0.1703 | val_auroc=0.6047 | 3.0s
14:13:30 |   [TCN] Epoch  3/50 | loss=0.1699 | val_auroc=0.5836 | 2.8s
14:13:33 |   [TCN] Epoch  4/50 | loss=0.1698 | val_auroc=0.5866 | 2.8s
14:13:36 |   [TCN] Epoch  5/50 | loss=0.1693 | val_auroc=0.5934 | 2.8s
14:13:39 |   [TCN] Epoch  6/50 | loss=0.1684 | val_auroc=0.5759 | 3.1s
14:13:42 |   [TCN] Epoch  7/50 | loss=0.1686 | val_auroc=0.5918 | 2.9s
14:13:46 |   [TCN] Epoch  8/50 | loss=0.1680 | val_auroc=0.5978 | 2.9s
14:13:49 |   [TCN] Epoch  9/50 | loss=0.1680 | val_auroc=0.6034 | 3.2s
14:13:52 |   [TCN] Epoch 10/50 | loss=0.1672 | val_auroc=0.5769 | 3.0s
14:13:55 |   [TCN] Epoch 11/50 | loss=0.1671 | val_auroc=0.5884 | 3.2s
14:13:59 |   [TCN] Epoch 12/50 | loss=0.1670 | val_auroc=0.5864 | 3.4s
14:13:59 |   [TCN] Early stopping at epoch 12 (patience=10)
14:13:59 |   [TCN] DONE >> Test AUROC: 0.6060, AUPRC: 0.0712
14:13:59 | 
14:13:59 | ====================14:14:04 |   [Transformer] Epoch  2/50 | loss=0.1591 | val_auroc=0.7247 | 12.4s
14:14:17 |   [Transformer] Epoch  3/50 | loss=0.1584 | val_au14:14:23 |   [Origi14:14:29 |   [Transformer] Epoch  4/50 | loss=0.1578 | val_auroc=14:14:46 |   [Original_DARUAN] Epoch  2/50 | loss=0.1806 | val_auroc=0.5793 | 22.8s
14:15:11 |   [Original_DARUAN] Epoch  3/50 | loss=0.1724 | val_auroc=0.6440 | 23.3s
14:15:34 |   [Original_DARUAN] Epoch  4/50 | loss=0.1684 | val_auroc=0.6595 | 22.4s
14:15:59 |   [Original_DARUAN] Epoch  5/50 | loss=0.1669 | val_auroc=0.6609 | 23.5s
14:16:20 |   [Original_DARUAN] Epoch  6/50 | loss=0.1662 | val_auroc=0.6608 | 20.9s
14:16:43 |   [Original_DARUAN] Epoch  7/50 | loss=0.1659 | val_auroc=0.6690 | 21.6s
14:17:06 |   [Original_DARUAN] Epoch  8/50 | loss=0.1653 | val_auroc=0.6647 | 22.0s
14:17:29 |   [Original_DARUAN] Epoch  9/50 | loss=0.1655 | val_auroc=0.6738 | 22.6s
14:17:52 |   [Original_DARUAN] Epoch 10/50 | loss=0.1651 | val_auroc=0.6740 | 22.1s
14:18:15 |   [Original_DARUAN] Epoch 11/50 | loss=0.1650 | val_auroc=0.6721 | 22.2s
14:18:38 |   [Original_DARUAN] Epoch 12/50 | loss=0.1647 | val_auroc=0.6694 | 22.0s
14:19:01 |   [Original_DARUAN] Epoch 13/50 | loss=0.1645 | val_auroc=0.6757 | 22.0s
14:19:24 |   [Original_DARUAN] Epoch 14/50 | loss=0.1647 | val_auroc=0.6780 | 21.9s
14:19:47 |   [Original_DARUAN] Epoch 15/50 | loss=0.1647 | val_auroc=0.6773 | 22.1s
14:20:10 |   [Original_DARUAN] Epoch 16/50 | loss=0.1645 | val_auroc=0.6841 | 22.1s
14:20:33 |   [Original_DARUAN] Epoch 17/50 | loss=0.1643 | val_auroc=0.6781 | 21.6s
14:20:56 |   [Original_DARUAN] Epoch 18/50 | loss=0.1643 | val_auroc=0.6803 | 22.4s
14:21:19 |   [Original_DARUAN] Epoch 19/50 | loss=0.1641 | val_auroc=0.6844 | 22.3s
14:21:43 |   [Original_DARUAN] Epoch 20/50 | loss=0.1641 | val_auroc=0.6853 | 22.2s
14:22:06 |   [Original_DARUAN] Epoch 21/50 | loss=0.1639 | val_auroc=0.6814 | 22.4s
14:22:28 |   [Original_DARUAN] Epoch 22/50 | loss=0.1638 | val_auroc=0.6940 | 21.8s
14:22:51 |   [Original_DARUAN] Epoch 23/50 | loss=0.1642 | val_auroc=0.6774 | 22.0s
14:23:15 |   [Original_DARUAN] Epoch 24/50 | loss=0.1639 | val_auroc=0.6723 | 22.4s
14:23:38 |   [Original_DARUAN] Epoch 25/50 | loss=0.1640 | val_auroc=0.6795 | 21.8s
14:24:01 |   [Original_DARUAN] Epoch 26/50 | loss=0.1639 | val_auroc=0.6797 | 22.1s
14:24:23 |   [Original_DARUAN] Epoch 27/50 | loss=0.1636 | val_auroc=0.6823 | 21.8s
14:24:46 |   [Original_DARUAN] Epoch 28/50 | loss=0.1636 | val_auroc=0.6718 | 22.2s
14:25:10 |   [Original_DARUAN] Epoch 29/50 | loss=0.1634 | val_auroc=0.6900 | 22.5s
14:25:33 |   [Original_DARUAN] Epoch 30/50 | loss=0.1638 | val_auroc=0.6971 | 22.5s
14:25:57 |   [Original_DARUAN] Epoch 31/50 | loss=0.1635 | val_auroc=0.6874 | 22.9s
14:26:20 |   [Original_DARUAN] Epoch 32/50 | loss=0.1634 | val_auroc=0.6770 | 21.9s
14:26:43 |   [Original_DARUAN] Epoch 33/50 | loss=0.1633 | val_auroc=0.6847 | 22.0s
14:27:06 |   [Original_DARUAN] Epoch 34/50 | loss=0.1633 | val_auroc=0.6971 | 22.3s
14:27:30 |   [Original_DARUAN] Epoch 35/50 | loss=0.1632 | val_auroc=0.6727 | 22.8s
14:27:54 |   [Original_DARUAN] Epoch 36/50 | loss=0.1632 | val_auroc=0.6797 | 22.6s
14:28:16 |   [Original_DARUAN] Epoch 37/50 | loss=0.1632 | val_auroc=0.6872 | 21.9s
14:28:39 |   [Original_DARUAN] Epoch 38/50 | loss=0.1630 | val_auroc=0.6812 | 22.2s
14:29:02 |   [Original_DARUAN] Epoch 39/50 | loss=0.1631 | val_auroc=0.6958 | 22.0s
14:29:26 |   [Original_DARUAN] Epoch 40/50 | loss=0.1628 | val_auroc=0.6959 | 22.5s
14:29:48 |   [Original_DARUAN] Epoch 41/50 | loss=0.1631 | val_auroc=0.6892 | 21.7s
14:30:12 |   [Original_DARUAN] Epoch 42/50 | loss=0.1629 | val_auroc=0.6856 | 22.5s
14:30:34 |   [Original_DARUAN] Epoch 43/50 | loss=0.1627 | val_auroc=0.6880 | 21.9s
14:30:58 |   [Original_DARUAN] Epoch 44/50 | loss=0.1627 | val_auroc=0.6861 | 22.0s
14:30:58 |   [Original_DARUAN] Early stopping at epoch 44 (patience=10)
14:30:58 |   [Original_DARUAN] DONE >> Test AUROC: 0.6815, AUPRC: 0.0922
14:30:59 | 
14:30:59 | ==================================================
14:30:59 | [MODEL] OPFA_DARUAN (476 params)
14:30:59 | ==================================================
14:31:26 |   [OPFA_DARUAN] Epoch  1/50 | loss=0.4327 | val_auroc=0.5472 | 26.1s
14:31:53 |   [OPFA_DARUAN] Epoch  2/50 | loss=0.1716 | val_auroc=0.6788 | 26.6s
14:32:21 |   [OPFA_DARUAN] Epoch  3/50 | loss=0.1651 | val_auroc=0.6977 | 26.4s
14:32:47 |   [OPFA_DARUAN] Epoch  4/50 | loss=0.1636 | val_auroc=0.6966 | 25.0s
14:33:14 |   [OPFA_DARUAN] Epoch  5/50 | loss=0.1632 | val_auroc=0.6977 | 25.8s
14:33:42 |   [OPFA_DARUAN] Epoch  6/50 | loss=0.1628 | val_auroc=0.7026 | 26.8s
14:34:10 |   [OPFA_DARUAN] Epoch  7/50 | loss=0.1627 | val_auroc=0.6999 | 26.9s
14:34:34 |   [OPFA_DARUAN] Epoch  8/50 | loss=0.1624 | val_auroc=0.7046 | 23.7s
14:35:02 |   [OPFA_DARUAN] Epoch  9/50 | loss=0.1622 | val_auroc=0.7012 | 26.1s
14:35:28 |   [OPFA_DARUAN] Epoch 10/50 | loss=0.1620 | val_auroc=0.7062 | 25.1s
14:35:55 |   [OPFA_DARUAN] Epoch 11/50 | loss=0.1619 | val_auroc=0.7062 | 26.0s
14:36:23 |   [OPFA_DARUAN] Epoch 12/50 | loss=0.1617 | val_auroc=0.7051 | 26.3s
14:36:50 |   [OPFA_DARUAN] Epoch 13/50 | loss=0.1617 | val_auroc=0.7056 | 26.6s
14:37:18 |   [OPFA_DARUAN] Epoch 14/50 | loss=0.1615 | val_auroc=0.7139 | 26.2s
14:37:45 |   [OPFA_DARUAN] Epoch 15/50 | loss=0.1615 | val_auroc=0.7097 | 26.3s
14:38:14 |   [OPFA_DARUAN] Epoch 16/50 | loss=0.1615 | val_auroc=0.7092 | 27.1s
14:38:39 |   [OPFA_DARUAN] Epoch 17/50 | loss=0.1611 | val_auroc=0.7104 | 24.7s
14:39:06 |   [OPFA_DARUAN] Epoch 18/50 | loss=0.1612 | val_auroc=0.7094 | 25.4s
14:39:33 |   [OPFA_DARUAN] Epoch 19/50 | loss=0.1611 | val_auroc=0.7118 | 25.7s
14:39:59 |   [OPFA_DARUAN] Epoch 20/50 | loss=0.1610 | val_auroc=0.7132 | 25.6s
14:40:26 |   [OPFA_DARUAN] Epoch 21/50 | loss=0.1611 | val_auroc=0.7096 | 25.8s
14:40:54 |   [OPFA_DARUAN] Epoch 22/50 | loss=0.1608 | val_auroc=0.7158 | 26.6s
14:41:21 |   [OPFA_DARUAN] Epoch 23/50 | loss=0.1608 | val_auroc=0.7103 | 26.1s
14:41:48 |   [OPFA_DARUAN] Epoch 24/50 | loss=0.1605 | val_auroc=0.7205 | 26.0s
14:42:15 |   [OPFA_DARUAN] Epoch 25/50 | loss=0.1605 | val_auroc=0.7173 | 26.1s
14:42:43 |   [OPFA_DARUAN] Epoch 26/50 | loss=0.1605 | val_auroc=0.7120 | 26.4s
14:43:10 |   [OPFA_DARUAN] Epoch 27/50 | loss=0.1604 | val_auroc=0.7086 | 25.8s
14:43:36 |   [OPFA_DARUAN] Epoch 28/50 | loss=0.1603 | val_auroc=0.7165 | 25.3s
14:44:03 |   [OPFA_DARUAN] Epoch 29/50 | loss=0.1602 | val_auroc=0.7146 | 25.9s
14:44:30 |   [OPFA_DARUAN] Epoch 30/50 | loss=0.1603 | val_auroc=0.7090 | 25.3s
14:44:56 |   [OPFA_DARUAN] Epoch 31/50 | loss=0.1602 | val_auroc=0.7106 | 25.7s
14:45:24 |   [OPFA_DARUAN] Epoch 32/50 | loss=0.1600 | val_auroc=0.7119 | 26.8s
14:45:52 |   [OPFA_DARUAN] Epoch 33/50 | loss=0.1600 | val_auroc=0.7104 | 26.6s
14:46:18 |   [OPFA_DARUAN] Epoch 34/50 | loss=0.1599 | val_auroc=0.7068 | 25.4s
14:46:18 |   [OPFA_DARUAN] Early stopping at epoch 34 (patience=10)
14:46:19 |   [OPFA_DARUAN] DONE >> Test AUROC: 0.7010, AUPRC: 0.1208
14:46:19 | 
14:46:19 | ==================================================
14:46:19 | [MODEL] Ablation_MultiAxisOnly (476 params)
14:46:19 | ==================================================
14:46:47 |   [Ablation_MultiAxisOnly] Epoch  1/50 | loss=0.4332 | val_auroc=0.5632 | 26.2s
14:47:14 |   [Ablation_MultiAxisOnly] Epoch  2/50 | loss=0.1792 | val_auroc=0.6424 | 25.5s
14:47:41 |   [Ablation_MultiAxisOnly] Epoch  3/50 | loss=0.1680 | val_auroc=0.6598 | 26.6s
14:48:09 |   [Ablation_MultiAxisOnly] Epoch  4/50 | loss=0.1653 | val_auroc=0.6754 | 26.0s
14:48:36 |   [Ablation_MultiAxisOnly] Epoch  5/50 | loss=0.1645 | val_auroc=0.6603 | 25.9s
14:49:01 |   [Ablation_MultiAxisOnly] Epoch  6/50 | loss=0.1640 | val_auroc=0.6732 | 24.6s
14:49:29 |   [Ablation_MultiAxisOnly] Epoch  7/50 | loss=0.1634 | val_auroc=0.6819 | 26.7s
14:49:58 |   [Ablation_MultiAxisOnly] Epoch  8/50 | loss=0.1634 | val_auroc=0.6881 | 27.0s
14:50:26 |   [Ablation_MultiAxisOnly] Epoch  9/50 | loss=0.1633 | val_auroc=0.6886 | 27.0s
14:50:53 |   [Ablation_MultiAxisOnly] Epoch 10/50 | loss=0.1629 | val_auroc=0.6890 | 26.1s
14:51:21 |   [Ablation_MultiAxisOnly] Epoch 11/50 | loss=0.1627 | val_auroc=0.6896 | 26.8s
14:51:50 |   [Ablation_MultiAxisOnly] Epoch 12/50 | loss=0.1627 | val_auroc=0.6925 | 27.4s
14:52:17 |   [Ablation_MultiAxisOnly] Epoch 13/50 | loss=0.1626 | val_auroc=0.6921 | 26.6s
14:52:44 |   [Ablation_MultiAxisOnly] Epoch 14/50 | loss=0.1625 | val_auroc=0.6889 | 25.7s
14:53:12 |   [Ablation_MultiAxisOnly] Epoch 15/50 | loss=0.1622 | val_auroc=0.6948 | 26.3s
14:53:40 |   [Ablation_MultiAxisOnly] Epoch 16/50 | loss=0.1621 | val_auroc=0.6982 | 26.9s
14:54:08 |   [Ablation_MultiAxisOnly] Epoch 17/50 | loss=0.1619 | val_auroc=0.6974 | 26.6s
14:54:35 |   [Ablation_MultiAxisOnly] Epoch 18/50 | loss=0.1619 | val_auroc=0.6988 | 26.5s
14:55:03 |   [Ablation_MultiAxisOnly] Epoch 19/50 | loss=0.1619 | val_auroc=0.6982 | 26.1s
14:55:31 |   [Ablation_MultiAxisOnly] Epoch 20/50 | loss=0.1618 | val_auroc=0.6971 | 27.0s
14:55:58 |   [Ablation_MultiAxisOnly] Epoch 21/50 | loss=0.1616 | val_auroc=0.6982 | 25.9s
14:56:25 |   [Ablation_MultiAxisOnly] Epoch 22/50 | loss=0.1618 | val_auroc=0.7045 | 26.2s
14:56:53 |   [Ablation_MultiAxisOnly] Epoch 23/50 | loss=0.1616 | val_auroc=0.7031 | 26.9s
14:57:22 |   [Ablation_MultiAxisOnly] Epoch 24/50 | loss=0.1619 | val_auroc=0.7020 | 27.0s
14:57:49 |   [Ablation_MultiAxisOnly] Epoch 25/50 | loss=0.1617 | val_auroc=0.7017 | 26.3s
14:58:16 |   [Ablation_MultiAxisOnly] Epoch 26/50 | loss=0.1616 | val_auroc=0.7007 | 26.2s
14:58:44 |   [Ablation_MultiAxisOnly] Epoch 27/50 | loss=0.1617 | val_auroc=0.6999 | 26.9s
14:59:12 |   [Ablation_MultiAxisOnly] Epoch 28/50 | loss=0.1616 | val_auroc=0.6980 | 26.8s
14:59:40 |   [Ablation_MultiAxisOnly] Epoch 29/50 | loss=0.1615 | val_auroc=0.7005 | 26.4s
15:00:07 |   [Ablation_MultiAxisOnly] Epoch 30/50 | loss=0.1615 | val_auroc=0.7028 | 26.0s
15:00:35 |   [Ablation_MultiAxisOnly] Epoch 31/50 | loss=0.1614 | val_auroc=0.7035 | 27.3s
15:01:04 |   [Ablation_MultiAxisOnly] Epoch 32/50 | loss=0.1613 | val_auroc=0.7006 | 27.6s
15:01:04 |   [Ablation_MultiAxisOnly] Early stopping at epoch 32 (patience=10)
15:01:05 |   [Ablation_MultiAxisOnly] DONE >> Test AUROC: 0.7071, AUPRC: 0.1224
15:01:05 | 
15:01:05 | ==================================================
15:01:05 | [MODEL] Ablation_NoMultiAxis (476 params)
15:01:05 | ==================================================
15:01:34 |   [Ablation_NoMultiAxis] Epoch  1/50 | loss=0.4131 | val_auroc=0.4960 | 27.5s
15:02:03 |   [Ablation_NoMultiAxis] Epoch  2/50 | loss=0.1763 | val_auroc=0.6787 | 27.7s
15:02:32 |   [Ablation_NoMultiAxis] Epoch  3/50 | loss=0.1649 | val_auroc=0.6970 | 27.9s
15:03:01 |   [Ablation_NoMultiAxis] Epoch  4/50 | loss=0.1633 | val_auroc=0.7004 | 28.1s
15:03:30 |   [Ablation_NoMultiAxis] Epoch  5/50 | loss=0.1625 | val_auroc=0.7010 | 27.3s
15:03:58 |   [Ablation_NoMultiAxis] Epoch  6/50 | loss=0.1623 | val_auroc=0.7024 | 27.5s
15:04:24 |   [Ablation_NoMultiAxis] Epoch  7/50 | loss=0.1622 | val_auroc=0.7049 | 25.1s
15:04:52 |   [Ablation_NoMultiAxis] Epoch  8/50 | loss=0.1620 | val_auroc=0.6992 | 26.3s
15:05:21 |   [Ablation_NoMultiAxis] Epoch  9/50 | loss=0.1618 | val_auroc=0.7029 | 27.3s
15:05:49 |   [Ablation_NoMultiAxis] Epoch 10/50 | loss=0.1618 | val_auroc=0.7041 | 27.7s
15:06:17 |   [Ablation_NoMultiAxis] Epoch 11/50 | loss=0.1618 | val_auroc=0.6994 | 26.7s
15:06:46 |   [Ablation_NoMultiAxis] Epoch 12/50 | loss=0.1616 | val_auroc=0.7014 | 26.9s
15:07:14 |   [Ablation_NoMultiAxis] Epoch 13/50 | loss=0.1616 | val_auroc=0.7002 | 26.9s
15:07:43 |   [Ablation_NoMultiAxis] Epoch 14/50 | loss=0.1616 | val_auroc=0.6987 | 27.7s
15:08:11 |   [Ablation_NoMultiAxis] Epoch 15/50 | loss=0.1614 | val_auroc=0.7001 | 26.9s
15:08:39 |   [Ablation_NoMultiAxis] Epoch 16/50 | loss=0.1614 | val_auroc=0.6979 | 27.4s
15:09:07 |   [Ablation_NoMultiAxis] Epoch 17/50 | loss=0.1613 | val_auroc=0.7008 | 26.6s
15:09:07 |   [Ablation_NoMultiAxis] Early stopping at epoch 17 (patience=10)
15:09:08 |   [Ablation_NoMultiAxis] DONE >> Test AUROC: 0.7091, AUPRC: 0.1254
15:09:08 | 
15:09:08 | ==================================================
15:09:08 | [MODEL] Ablation_NoAdaptiveMeasure (476 params)
15:09:08 | ==================================================
15:09:36 |   [Ablation_NoAdaptiveMeasure] Epoch  1/50 | loss=0.3897 | val_auroc=0.6328 | 26.0s
15:10:04 |   [Ablation_NoAdaptiveMeasure] Epoch  2/50 | loss=0.1726 | val_auroc=0.6890 | 27.2s
15:10:32 |   [Ablation_NoAdaptiveMeasure] Epoch  3/50 | loss=0.1657 | val_auroc=0.7006 | 27.0s
15:11:00 |   [Ablation_NoAdaptiveMeasure] Epoch  4/50 | loss=0.1638 | val_auroc=0.7021 | 26.8s
15:11:29 |   [Ablation_NoAdaptiveMeasure] Epoch  5/50 | loss=0.1634 | val_auroc=0.7024 | 27.5s
15:11:58 |   [Ablation_NoAdaptiveMeasure] Epoch  6/50 | loss=0.1631 | val_auroc=0.7060 | 27.8s
15:12:22 |   [Ablation_NoAdaptiveMeasure] Epoch  7/50 | loss=0.1628 | val_auroc=0.7074 | 23.3s
15:12:47 |   [Ablation_NoAdaptiveMeasure] Epoch  8/50 | loss=0.1628 | val_auroc=0.7092 | 23.5s
15:13:16 |   [Ablation_NoAdaptiveMeasure] Epoch  9/50 | loss=0.1626 | val_auroc=0.7084 | 27.5s
15:13:43 |   [Ablation_NoAdaptiveMeasure] Epoch 10/50 | loss=0.1625 | val_auroc=0.7088 | 26.8s
15:14:12 |   [Ablation_NoAdaptiveMeasure] Epoch 11/50 | loss=0.1624 | val_auroc=0.7069 | 27.4s
15:14:40 |   [Ablation_NoAdaptiveMeasure] Epoch 12/50 | loss=0.1624 | val_auroc=0.7107 | 27.0s
15:15:09 |   [Ablation_NoAdaptiveMeasure] Epoch 13/50 | loss=0.1623 | val_auroc=0.7059 | 27.4s
15:15:36 |   [Ablation_NoAdaptiveMeasure] Epoch 14/50 | loss=0.1622 | val_auroc=0.7102 | 26.5s
15:16:04 |   [Ablation_NoAdaptiveMeasure] Epoch 15/50 | loss=0.1622 | val_auroc=0.7111 | 26.5s
15:16:33 |   [Ablation_NoAdaptiveMeasure] Epoch 16/50 | loss=0.1621 | val_auroc=0.7097 | 27.6s
15:17:01 |   [Ablation_NoAdaptiveMeasure] Epoch 17/50 | loss=0.1621 | val_auroc=0.7092 | 26.9s
15:17:28 |   [Ablation_NoAdaptiveMeasure] Epoch 18/50 | loss=0.1621 | val_auroc=0.7106 | 26.4s
15:17:55 |   [Ablation_NoAdaptiveMeasure] Epoch 19/50 | loss=0.1619 | val_auroc=0.7089 | 26.0s
15:18:23 |   [Ablation_NoAdaptiveMeasure] Epoch 20/50 | loss=0.1621 | val_auroc=0.7099 | 26.7s
15:18:50 |   [Ablation_NoAdaptiveMeasure] Epoch 21/50 | loss=0.1618 | val_auroc=0.7098 | 26.3s
15:19:18 |   [Ablation_NoAdaptiveMeasure] Epoch 22/50 | loss=0.1618 | val_auroc=0.7114 | 26.7s
15:19:46 |   [Ablation_NoAdaptiveMeasure] Epoch 23/50 | loss=0.1617 | val_auroc=0.7099 | 26.8s
15:20:14 |   [Ablation_NoAdaptiveMeasure] Epoch 24/50 | loss=0.1618 | val_auroc=0.7108 | 26.7s
15:20:42 |   [Ablation_NoAdaptiveMeasure] Epoch 25/50 | loss=0.1616 | val_auroc=0.7085 | 26.8s
15:21:10 |   [Ablation_NoAdaptiveMeasure] Epoch 26/50 | loss=0.1617 | val_auroc=0.7125 | 27.2s
15:21:39 |   [Ablation_NoAdaptiveMeasure] Epoch 27/50 | loss=0.1617 | val_auroc=0.7105 | 27.6s
15:22:08 |   [Ablation_NoAdaptiveMeasure] Epoch 28/50 | loss=0.1616 | val_auroc=0.7106 | 27.8s
15:22:37 |   [Ablation_NoAdaptiveMeasure] Epoch 29/50 | loss=0.1617 | val_auroc=0.7112 | 27.4s
15:23:05 |   [Ablation_NoAdaptiveMeasure] Epoch 30/50 | loss=0.1616 | val_auroc=0.7124 | 26.9s
15:23:34 |   [Ablation_NoAdaptiveMeasure] Epoch 31/50 | loss=0.1615 | val_auroc=0.7117 | 27.5s
15:24:02 |   [Ablation_NoAdaptiveMeasure] Epoch 32/50 | loss=0.1615 | val_auroc=0.7116 | 26.9s
15:24:28 |   [Ablation_NoAdaptiveMeasure] Epoch 33/50 | loss=0.1615 | val_auroc=0.7112 | 25.4s
15:24:53 |   [Ablation_NoAdaptiveMeasure] Epoch 34/50 | loss=0.1614 | val_auroc=0.7122 | 24.1s
15:25:21 |   [Ablation_NoAdaptiveMeasure] Epoch 35/50 | loss=0.1614 | val_auroc=0.7124 | 26.1s
15:25:48 |   [Ablation_NoAdaptiveMeasure] Epoch 36/50 | loss=0.1615 | val_auroc=0.7131 | 25.9s
15:26:17 |   [Ablation_NoAdaptiveMeasure] Epoch 37/50 | loss=0.1612 | val_auroc=0.7129 | 28.0s
15:26:47 |   [Ablation_NoAdaptiveMeasure] Epoch 38/50 | loss=0.1612 | val_auroc=0.7142 | 28.1s
15:27:15 |   [Ablation_NoAdaptiveMeasure] Epoch 39/50 | loss=0.1611 | val_auroc=0.7141 | 26.9s
15:27:41 |   [Ablation_NoAdaptiveMeasure] Epoch 40/50 | loss=0.1611 | val_auroc=0.7159 | 24.8s
15:28:07 |   [Ablation_NoAdaptiveMeasure] Epoch 41/50 | loss=0.1613 | val_auroc=0.7173 | 25.3s
15:28:33 |   [Ablation_NoAdaptiveMeasure] Epoch 42/50 | loss=0.1611 | val_auroc=0.7142 | 24.7s
15:29:01 |   [Ablation_NoAdaptiveMeasure] Epoch 43/50 | loss=0.1612 | val_auroc=0.7132 | 27.0s
15:29:28 |   [Ablation_NoAdaptiveMeasure] Epoch 44/50 | loss=0.1611 | val_auroc=0.7143 | 26.0s
15:29:57 |   [Ablation_NoAdaptiveMeasure] Epoch 45/50 | loss=0.1610 | val_auroc=0.7172 | 27.2s
15:30:26 |   [Ablation_NoAdaptiveMeasure] Epoch 46/50 | loss=0.1610 | val_auroc=0.7168 | 28.0s
15:30:55 |   [Ablation_NoAdaptiveMeasure] Epoch 47/50 | loss=0.1611 | val_auroc=0.7187 | 27.7s
15:31:23 |   [Ablation_NoAdaptiveMeasure] Epoch 48/50 | loss=0.1609 | val_auroc=0.7171 | 27.4s
15:31:47 |   [Ablation_NoAdaptiveMeasure] Epoch 49/50 | loss=0.1609 | val_auroc=0.7146 | 22.7s
15:32:15 |   [Ablation_NoAdaptiveMeasure] Epoch 50/50 | loss=0.1609 | val_auroc=0.7171 | 26.7s
15:32:16 |   [Ablation_NoAdaptiveMeasure] DONE >> Test AUROC: 0.7058, AUPRC: 0.1224
15:32:16 | 
15:32:16 | ======================================================================
15:32:16 | FINAL RESULTS (Cardiac Arrest, 64K patients)
15:32:16 | ======================================================================
15:32:16 | Model                        AUROC      AUPRC      Params    
15:32:16 | ----------------------------------------------------------
15:32:16 | GRU                          0.7322    0.1421    3681
15:32:16 | LSTM                         0.7292    0.1276    4897
15:32:16 | Transformer                  0.7226    0.1208    18817
15:32:16 | Ablation_NoMultiAxis         0.7091    0.1254    476
15:32:16 | Ablation_MultiAxisOnly       0.7071    0.1224    476
15:32:16 | Ablation_NoAdaptiveMeasure   0.7058    0.1224    476
15:32:16 | MLP                          0.7051    0.1097    7265
15:32:16 | OPFA_DARUAN                  0.7010    0.1208    476 <-- ours
15:32:16 | Original_DARUAN              0.6815    0.0922    457
15:32:16 | TCN                          0.6060    0.0712    6657
15:32:16 | 
Results saved to /home/project/experiments/results_cardiac_arrest.json
 4897
15:26:53 | GRU                          0.7269    0.1321    3681
15:26:53 | Transformer                  0.7259    0.1215    18817
15:26:53 | MLP                          0.7203    0.1139    7265
15:26:53 | Ablation_NoMultiAxis         0.7143    0.1188    476
15:26:53 | OPFA_DARUAN                  0.7067    0.1090    476 <-- ours
15:26:53 | Ablation_MultiAxisOnly       0.6981    0.1003    476
15:26:53 | Original_DARUAN              0.6813    0.1048    457
15:26:53 | Ablation_NoAdaptiveMeasure   0.6786    0.0754    476
15:26:53 | TCN                          0.6101    0.0755    6657
15:26:53 | 
Results saved to /home/project/experiments/results_cardiac_arrest.json
