09:29:23 | ============================================================
09:29:23 | Window=72 Experiment (DEVICE=cuda)
09:29:23 | ============================================================
09:29:23 | 
Loading PhysioNet 2019 with window=72...
09:31:32 | Loaded in 129s
09:31:32 |   [NoGate+Conv1d] params=4761
09:32:58 |     Ep  1 | loss=0.4972 | val=0.7356 | 86s
09:38:39 |     Ep  5 | loss=0.4735 | val=0.7322 | 85s
09:45:43 |     Ep 10 | loss=0.4738 | val=0.7359 | 84s
09:50:04 |     >> AUROC=0.7442, AUPRC=0.0513
09:50:04 |   [Sigmoid+Conv1d] params=5951
09:51:32 |     Ep  1 | loss=0.4885 | val=0.7658 | 88s
09:57:23 |     Ep  5 | loss=0.4014 | val=0.7533 | 88s
10:01:54 |     >> AUROC=0.7462, AUPRC=0.0604
10:01:54 |   [OrigDARUAN+Conv1d] params=6823
10:07:15 |     Ep  1 | loss=0.4525 | val=0.7887 | 321s
10:28:36 |     Ep  5 | loss=0.3950 | val=0.7887 | 320s
10:55:03 |     Ep 10 | loss=0.3595 | val=0.7432 | 315s
10:55:17 |     >> AUROC=0.7970, AUPRC=0.0900
10:55:17 |   [OPFA+Conv1d] params=6874
11:01:14 |     Ep  1 | loss=0.4416 | val=0.8083 | 357s
11:24:45 |     Ep  5 | loss=0.3826 | val=0.8065 | 352s
11:54:00 |     Ep 10 | loss=0.3586 | val=0.7942 | 352s
12:00:18 |     >> AUROC=0.7996, AUPRC=0.0849
12:00:19 |   [OPFA+GRU] params=9356
12:06:22 |     Ep  1 | loss=0.4399 | val=0.7796 | 363s
12:30:34 |     Ep  5 | loss=0.3439 | val=0.7815 | 363s
13:00:26 |     Ep 10 | loss=0.2950 | val=0.7519 | 361s
13:00:43 |     >> AUROC=0.7945, AUPRC=0.0887
13:00:43 | 
============================================================
13:00:43 | RESULTS: Window=72 vs Window=24
13:00:43 | ============================================================
13:00:43 |   Config                   W=72 AUROC     W=24 AUROC     Delta
13:00:43 |   ------------------------------------------------------------
13:00:43 |   OPFA+Conv1d              0.7996        0.7575        +0.0421
13:00:43 |   OrigDARUAN+Conv1d        0.7970        0.7789        +0.0181
13:00:43 |   OPFA+GRU                 0.7945        0.7726        +0.0219
13:00:43 |   Sigmoid+Conv1d           0.7462        0.7639        -0.0177
13:00:43 |   NoGate+Conv1d            0.7442        0.7490        -0.0048
13:00:43 | 
Done.
