00:15:51 | ============================================================
00:15:51 | P0 EXPERIMENTS CONTINUED (DEVICE=cuda)
00:15:51 | ============================================================
00:15:51 | Loading data...
00:18:11 | Loaded in 140s
00:18:11 | 
============================================================
00:18:11 | EXP 1 (continued): Gate Comparison
00:18:11 | ============================================================
00:18:11 |   [OrigDARUAN+Conv1d] params=6823
00:20:53 |     Ep  1 | loss=0.4884 | val=0.7627 | 162s
00:31:30 |     Ep  5 | loss=0.4095 | val=0.7875 | 159s
00:44:50 |     Ep 10 | loss=0.3821 | val=0.7789 | 160s
00:50:19 |     >> AUROC=0.7789, AUPRC=0.0628
00:50:19 |   [OPFA+Conv1d] params=6874
00:53:14 |     Ep  1 | loss=0.4483 | val=0.7687 | 175s
01:04:58 |     Ep  5 | loss=0.3932 | val=0.7686 | 177s
01:19:36 |     Ep 10 | loss=0.3725 | val=0.7666 | 175s
01:22:44 |     >> AUROC=0.7575, AUPRC=0.0640
01:22:44 | 
============================================================
01:22:44 | EXP 2: Mixer Comparison (OPFA gate fixed)
01:22:44 | ============================================================
01:22:44 |   [OPFA+Identity] params=2216
01:25:37 |     Ep  1 | loss=0.5450 | val=0.7720 | 173s
01:37:11 |     Ep  5 | loss=0.4039 | val=0.7801 | 173s
01:51:33 |     Ep 10 | loss=0.3924 | val=0.7781 | 170s
02:05:57 |     Ep 15 | loss=0.3846 | val=0.7754 | 172s
02:20:36 |     Ep 20 | loss=0.3806 | val=0.7721 | 174s
02:20:47 |     >> AUROC=0.7501, AUPRC=0.0528
02:20:47 |   [OPFA+Attention] params=9356
02:23:58 |     Ep  1 | loss=0.4389 | val=0.7739 | 191s
02:36:04 |     Ep  5 | loss=0.3896 | val=0.7679 | 182s
02:48:19 |     >> AUROC=0.7600, AUPRC=0.0549
02:48:19 |   [OPFA+GRU] params=9356
02:51:14 |     Ep  1 | loss=0.4767 | val=0.7833 | 175s
03:02:55 |     Ep  5 | loss=0.3447 | val=0.7660 | 177s
03:14:47 |     >> AUROC=0.7726, AUPRC=0.0681
03:14:47 |   [OPFA+Mamba] params=7758
03:17:47 |     Ep  1 | loss=0.4349 | val=0.7656 | 179s
03:29:46 |     Ep  5 | loss=0.3516 | val=0.7336 | 180s
03:41:56 |     >> AUROC=0.7636, AUPRC=0.0731
03:41:56 | 
============================================================
03:41:56 | EXP 3: OPFA Ablation (Conv1d mixer fixed)
03:41:56 | ============================================================
03:41:56 |   [OPFA_NoMultiAxis] params=6874
03:44:49 |     Ep  1 | loss=0.4392 | val=0.7721 | 174s
03:56:24 |     Ep  5 | loss=0.3925 | val=0.7757 | 174s
04:10:53 |     Ep 10 | loss=0.3713 | val=0.7496 | 175s
04:11:04 |     >> AUROC=0.7674, AUPRC=0.0633
04:11:04 |   [OPFA_NoPartition] params=6874
04:13:58 |     Ep  1 | loss=0.4673 | val=0.7525 | 174s
04:25:45 |     Ep  5 | loss=0.4243 | val=0.7745 | 179s
04:40:08 |     Ep 10 | loss=0.4193 | val=0.7739 | 172s
04:54:38 |     Ep 15 | loss=0.4239 | val=0.7586 | 175s
04:57:41 |     >> AUROC=0.7590, AUPRC=0.0592
04:57:41 |   [OPFA_NoAdaptMeasure] params=6874
05:00:18 |     Ep  1 | loss=0.4725 | val=0.7821 | 157s
05:10:44 |     Ep  5 | loss=0.3909 | val=0.7757 | 156s
05:18:55 |     >> AUROC=0.7634, AUPRC=0.0599
05:18:55 | 
============================================================
05:18:55 | FULL SUMMARY
05:18:55 | ============================================================
05:18:55 | 
  Gate Comparison
05:18:55 |   Config                       AUROC      AUPRC      Params
05:18:55 |   --------------------------------------------------------
05:18:55 |   OrigDARUAN+Conv1d            0.7789    0.0628    6823
05:18:55 |   MLP+Conv1d                   0.7717    0.0644    9487
05:18:55 |   Sigmoid+Conv1d               0.7639    0.0610    5951
05:18:55 |   OPFA+Conv1d                  0.7575    0.0640    6874
05:18:55 |   NoGate+Conv1d                0.7490    0.0511    4761
05:18:55 | 
  Mixer Comparison
05:18:55 |   Config                       AUROC      AUPRC      Params
05:18:55 |   --------------------------------------------------------
05:18:55 |   OPFA+GRU                     0.7726    0.0681    9356
05:18:55 |   OPFA+Mamba                   0.7636    0.0731    7758
05:18:55 |   OPFA+Attention               0.7600    0.0549    9356
05:18:55 |   OPFA+Conv1d                  0.7575    0.0640    6874
05:18:55 |   OPFA+Identity                0.7501    0.0528    2216
05:18:55 | 
  OPFA Ablation
05:18:55 |   Config                       AUROC      AUPRC      Params
05:18:55 |   --------------------------------------------------------
05:18:55 |   OPFA_NoMultiAxis             0.7674    0.0633    6874
05:18:55 |   OPFA_NoAdaptMeasure          0.7634    0.0599    6874
05:18:55 |   OPFA_NoPartition             0.7590    0.0592    6874
05:18:55 |   OPFA_Full                    0.7575    0.0640    6874
05:18:55 | Done. Saved to results_p0.json
