07:56:55 | ============================================================
07:56:55 | v1.2 Clinical Time Series (DEVICE=cuda)
07:56:55 | ============================================================
07:56:55 | 
### Dataset: sepsis ###
07:56:58 |   Train=2689, Val=336, Test=337
07:57:01 |   [LSTM] AUROC=0.7020, AUPRC=0.1805 (13345 params)
07:57:04 |   [GRU] AUROC=0.6959, AUPRC=0.1805 (10017 params)
07:57:09 |   [Transformer] AUROC=0.6574, AUPRC=0.1306 (18817 params)
07:57:10 |   [TCN] AUROC=0.3842, AUPRC=0.0630 (6657 params)
07:57:34 |   [Original_DARUAN] AUROC=0.5668, AUPRC=0.1310 (473 params)
07:58:06 |   [OPFA_QKAN_Mamba] AUROC=0.6080, AUPRC=0.1365 (1008 params)
07:58:06 | 
### Dataset: cardiac_arrest ###
07:58:51 |   Train=51671, Val=6459, Test=6459
07:59:41 |   [LSTM] AUROC=0.7241, AUPRC=0.1128 (13345 params)
08:00:20 |   [GRU] AUROC=0.7300, AUPRC=0.1319 (10017 params)
08:01:41 |   [Transformer] AUROC=0.7297, AUPRC=0.1291 (18817 params)
08:02:12 |   [TCN] AUROC=0.5655, AUPRC=0.0666 (6657 params)
08:04:55 |   [Original_DARUAN] AUROC=0.6734, AUPRC=0.0840 (473 params)
08:13:53 |   [OPFA_QKAN_Mamba] AUROC=0.7179, AUPRC=0.1080 (1008 params)
08:13:53 | 
### Dataset: gib ###
08:13:55 |   Train=2082, Val=260, Test=260
08:13:58 |   [LSTM] AUROC=0.7689, AUPRC=0.2768 (13345 params)
08:14:01 |   [GRU] AUROC=0.8333, AUPRC=0.3178 (10017 params)
08:14:03 |   [Transformer] AUROC=0.8097, AUPRC=0.3809 (18817 params)
08:14:05 |   [TCN] AUROC=0.4793, AUPRC=0.0903 (6657 params)
08:14:22 |   [Original_DARUAN] AUROC=0.7341, AUPRC=0.2083 (473 params)
08:14:47 |   [OPFA_QKAN_Mamba] AUROC=0.7984, AUPRC=0.2609 (1008 params)
08:14:47 | 
============================================================
08:14:47 | SUMMARY
08:14:47 | ============================================================
08:14:47 | 
  [sepsis]
08:14:47 |   Model                    AUROC      AUPRC      Params
08:14:47 |   ----------------------------------------------------
08:14:47 |   LSTM                     0.7020    0.1805    13345
08:14:47 |   GRU                      0.6959    0.1805    10017
08:14:47 |   Transformer              0.6574    0.1306    18817
08:14:47 |   OPFA_QKAN_Mamba          0.6080    0.1365    1008 <--
08:14:47 |   Original_DARUAN          0.5668    0.1310    473
08:14:47 |   TCN                      0.3842    0.0630    6657
08:14:47 | 
  [cardiac_arrest]
08:14:47 |   Model                    AUROC      AUPRC      Params
08:14:47 |   ----------------------------------------------------
08:14:47 |   GRU                      0.7300    0.1319    10017
08:14:47 |   Transformer              0.7297    0.1291    18817
08:14:47 |   LSTM                     0.7241    0.1128    13345
08:14:47 |   OPFA_QKAN_Mamba          0.7179    0.1080    1008 <--
08:14:47 |   Original_DARUAN          0.6734    0.0840    473
08:14:47 |   TCN                      0.5655    0.0666    6657
08:14:47 | 
  [gib]
08:14:47 |   Model                    AUROC      AUPRC      Params
08:14:47 |   ----------------------------------------------------
08:14:47 |   GRU                      0.8333    0.3178    10017
08:14:47 |   Transformer              0.8097    0.3809    18817
08:14:47 |   OPFA_QKAN_Mamba          0.7984    0.2609    1008 <--
08:14:47 |   LSTM                     0.7689    0.2768    13345
08:14:47 |   Original_DARUAN          0.7341    0.2083    473
08:14:47 |   TCN                      0.4793    0.0903    6657
08:14:47 | Done.
