04:49:47 | Feature routing: infection=10, hemo=8, organ=16
04:49:47 | ============================================================
04:49:47 | P2: ONTOLOGY ROUTING EXPERIMENT
04:49:47 | ============================================================
04:49:47 | 
Loading PhysioNet 2019 (W=72)...
04:51:58 | Data loaded.
04:51:58 | 
[1] Ontology-Routed OPFA+Identity
04:51:58 |   [OPFA_OntologyRouted] params=2248
05:22:27 |     Ep 5 | loss=0.4265 | val=0.7688
05:53:09 |     Ep 10 | loss=0.4170 | val=0.7524
06:05:52 |     >> AUROC=0.7587, AUPRC=0.0559
06:05:52 | 
[2] Original OPFA+Identity (no routing)
06:05:52 |   [OPFA_NoRouting] params=2216
06:36:43 |     Ep 5 | loss=0.3963 | val=0.7829
07:07:21 |     Ep 10 | loss=0.3835 | val=0.7830
07:32:36 |     >> AUROC=0.8117, AUPRC=0.0855
07:32:36 | 
============================================================
07:32:36 | RESULTS
07:32:36 | ============================================================
07:32:36 |   Config                       AUROC      AUPRC      Params
07:32:36 |   --------------------------------------------------------
07:32:36 |   OPFA_NoRouting               0.8117    0.0855    2216
07:32:36 |   OPFA_OntologyRouted          0.7587    0.0559    2248
07:32:36 | 
Done.
